Copyright 1986-2019 Xilinx, Inc. All Rights Reserved.
------------------------------------------------------------------------------------
| Tool Version : Vivado v.2019.2 (win64) Build 2708876 Wed Nov  6 21:40:23 MST 2019
| Date         : Mon May 30 09:36:34 2022
| Host         : DESKTOP-0M9JO91 running 64-bit major release  (build 9200)
| Command      : report_control_sets -verbose -file top_control_sets_placed.rpt
| Design       : top
| Device       : xc7a35t
------------------------------------------------------------------------------------

Control Set Information

Table of Contents
-----------------
1. Summary
2. Histogram
3. Flip-Flop Distribution
4. Detailed Control Set Information

1. Summary
----------

+----------------------------------------------------------+-------+
|                          Status                          | Count |
+----------------------------------------------------------+-------+
| Total control sets                                       |    19 |
|    Minimum number of control sets                        |    19 |
|    Addition due to synthesis replication                 |     0 |
|    Addition due to physical synthesis replication        |     0 |
| Unused register locations in slices containing registers |    78 |
+----------------------------------------------------------+-------+
* Control sets can be merged at opt_design using control_set_merge or merge_equivalent_drivers
** Run report_qor_suggestions for automated merging and remapping suggestions


2. Histogram
------------

+--------------------+-------+
|       Fanout       | Count |
+--------------------+-------+
| Total control sets |    19 |
| >= 0 to < 4        |     3 |
| >= 4 to < 6        |     4 |
| >= 6 to < 8        |     1 |
| >= 8 to < 10       |     2 |
| >= 10 to < 12      |     1 |
| >= 12 to < 14      |     2 |
| >= 14 to < 16      |     1 |
| >= 16              |     5 |
+--------------------+-------+
* Control sets can be remapped at either synth_design or opt_design


3. Flip-Flop Distribution
-------------------------

+--------------+-----------------------+------------------------+-----------------+--------------+
| Clock Enable | Synchronous Set/Reset | Asynchronous Set/Reset | Total Registers | Total Slices |
+--------------+-----------------------+------------------------+-----------------+--------------+
| No           | No                    | No                     |              72 |           30 |
| No           | No                    | Yes                    |              57 |           24 |
| No           | Yes                   | No                     |              28 |           14 |
| Yes          | No                    | No                     |              15 |            8 |
| Yes          | No                    | Yes                    |              70 |           27 |
| Yes          | Yes                   | No                     |              24 |            8 |
+--------------+-----------------------+------------------------+-----------------+--------------+


4. Detailed Control Set Information
-----------------------------------

+-------------------------------------------------+---------------------------------------------+---------------------------------+------------------+----------------+
|                   Clock Signal                  |                Enable Signal                |         Set/Reset Signal        | Slice Load Count | Bel Load Count |
+-------------------------------------------------+---------------------------------------------+---------------------------------+------------------+----------------+
|  clk_wiz_0_inst/num_reg[1]_0                    |                                             |                                 |                2 |              2 |
|  clk_wiz_0_inst/num_reg[1]_0                    | vga_inst/line_cnt                           |                                 |                1 |              2 |
|  clk_wiz_0_inst/S[0]                            | UGAME/UBIRD/UMEMGEN/phase[4]__0_i_1_n_0     | rst_IBUF                        |                1 |              2 |
|  UGAME/USCENCE/USCORE/U2/font_reg[4]_i_2__1_n_0 |                                             |                                 |                2 |              5 |
|  UGAME/USCENCE/USCORE/U3/font_reg[4]_i_2__2_n_0 |                                             |                                 |                2 |              5 |
|  UGAME/USCENCE/USCORE/U0/font_reg[4]_i_2_n_0    |                                             |                                 |                2 |              5 |
|  UGAME/USCENCE/USCORE/U1/font_reg[4]_i_2__0_n_0 |                                             |                                 |                2 |              5 |
|  clk_IBUF_BUFG                                  |                                             | rst_IBUF                        |                3 |              7 |
|  clk_wiz_0_inst/num_reg[1]_0                    | vga_inst/line_cnt                           | vga_inst/line_cnt[9]_i_1_n_0    |                3 |              8 |
|  clk_wiz_0_inst/S[0]                            |                                             | rst_IBUF                        |                3 |              9 |
|  clk_wiz_0_inst/num_reg[1]_0                    |                                             | vga_inst/pixel_cnt[9]_i_1_n_0   |                4 |             11 |
|  UDISP/UDisp/U0/CLK                             |                                             | rst_IBUF                        |                9 |             12 |
|  clk_IBUF_BUFG                                  | vga_inst/E[0]                               |                                 |                7 |             13 |
|  clk_21_BUFG                                    | UGAME/UPIPE/UMEMGEN/score0                  | rst_IBUF                        |                4 |             14 |
|  clk_IBUF_BUFG                                  |                                             | UGAME/UPIPE/UMEMGEN/addr_h_cnt0 |               10 |             17 |
|  clk_IBUF_BUFG                                  | UGAME/UBIRD/UBIRDCTRL/drop_count_next_0     | rst_IBUF                        |                7 |             21 |
|  clk_21_BUFG                                    |                                             | rst_IBUF                        |                9 |             29 |
|  clk_21_BUFG                                    | UGAME/UPIPE/UMEMGEN/pipe_gaps[5][4]_i_1_n_0 | rst_IBUF                        |               20 |             49 |
|  clk_IBUF_BUFG                                  |                                             |                                 |               20 |             50 |
+-------------------------------------------------+---------------------------------------------+---------------------------------+------------------+----------------+


